FM_TEST_BEGIN 2026-09-16T05:59:19Z tests/fm-watcher-lock.test.sh family=watcher-wake-lock expected_gate_skip=none
ok - simultaneous watcher starts leave exactly one live process
ok - fm_pid_identity real ps fallback is locale-invariant
ok - fm_pid_identity is locale-invariant across LC_ALL/LC_TIME
ok - /proc process identity ignores simulated btime changes
ok - /proc process identity detects pid reuse
ok - MSYS /proc process identity regression skipped on non-Windows host
ok - killed watcher stale lock is reclaimed
tests/fm-watcher-lock.test.sh: line 1368: 634748 Killed                     FM_STATE_OVERRIDE="$state" bash -c '
    . "$1"
    fm_lock_remove_path() {
      if [ "$1" = "$STATE/.watch.lock" ]; then
        kill -KILL "${BASHPID:-$$}"
      fi
      return 1
    }
    fm_lock_try_acquire "$2"
  ' _ "$LIB" "$lockdir" > /dev/null 2>&1
ok - stale watcher reclaim publishes durable recovery evidence before clear
ok - live watcher lock with stale heartbeat is actionable
ok - primary publication serializes with stale-lock stealing and leaves one winner
ok - publication mutex contention returns without blocking or publishing
not ok - guard repair line did not source the X-mode cadence config
FM_TEST_END 2026-09-16T05:59:23Z tests/fm-watcher-lock.test.sh exit=1 duration_ms=3240 gate_skip=false
FM_TEST_SUMMARY total=1 failed=1 skipped_gate=0 duration_ms=3305
FM_TEST_SUMMARY_FAMILY family=watcher-wake-lock count=1 duration_ms=3240 failed=1
FM_TEST_SLOWEST rank=1 script=tests/fm-watcher-lock.test.sh duration_ms=3240
